synerzip@ULTP-788:~$ cd signup/
synerzip@ULTP-788:~/signup$ ls
sign-up
synerzip@ULTP-788:~/signup$ cd sign-up/
synerzip@ULTP-788:~/signup/sign-up$ ls
kirthi  README.md
synerzip@ULTP-788:~/signup/sign-up$ git status
On branch kirthi
Untracked files:
  (use "git add <file>..." to include in what will be committed)

	kirthi

nothing added to commit but untracked files present (use "git add" to track)
synerzip@ULTP-788:~/signup/sign-up$ git branch
* kirthi
  master
synerzip@ULTP-788:~/signup/sign-up$ git checkout master
Switched to branch 'master'
Your branch is up to date with 'origin/master'.
synerzip@ULTP-788:~/signup/sign-up$ git pull
Username for 'https://gitlab.synerzip.com': Kirthi Nair
Password for 'https://Kirthi Nair@gitlab.synerzip.com': 
remote: Enumerating objects: 28, done.
remote: Counting objects: 100% (28/28), done.
remote: Compressing objects: 100% (24/24), done.
remote: Total 26 (delta 0), reused 0 (delta 0)
Unpacking objects: 100% (26/26), done.
From https://gitlab.synerzip.com/nurture-bu-group/sign-up
   5edb7d5..9ed24c2  master     -> origin/master
 * [new branch]      Neha       -> origin/Neha
 * [new branch]      OM         -> origin/OM
 * [new branch]      Priyanka   -> origin/Priyanka
 * [new branch]      Ruturaj    -> origin/Ruturaj
 * [new branch]      Seema      -> origin/Seema
 * [new branch]      gayatri    -> origin/gayatri
 * [new branch]      irfan      -> origin/irfan
 * [new branch]      satyam     -> origin/satyam
 * [new branch]      shashank   -> origin/shashank
 * [new branch]      shatakshi  -> origin/shatakshi
 * [new branch]      sourabh    -> origin/sourabh
Updating 5edb7d5..9ed24c2
Fast-forward
 .gitignore             |    23 +
 README.md              |    69 +-
 README.old.md          |     1 +
 package-lock.json      | 17472 +++++++++++++++++++++++++++++++++++++++++++++++
 package.json           |    30 +
 public/favicon.ico     |   Bin 0 -> 3870 bytes
 public/index.html      |    41 +
 public/manifest.json   |    15 +
 src/App.css            |    48 +
 src/App.js             |    59 +
 src/App.test.js        |     9 +
 src/PlayGroundPage.js  |    27 +
 src/SignUp.js          |   106 +
 src/SignUpActivator.js |    15 +
 src/actions/index.js   |     9 +
 src/index.css          |    14 +
 src/index.js           |    22 +
 src/logo.svg           |     7 +
 src/reducers/index.js  |    18 +
 src/serviceWorker.js   |   135 +
 yarn.lock              | 10138 +++++++++++++++++++++++++++
 21 files changed, 28257 insertions(+), 1 deletion(-)
 create mode 100755 .gitignore
 mode change 100644 => 100755 README.md
 create mode 100644 README.old.md
 create mode 100644 package-lock.json
 create mode 100644 package.json
 create mode 100755 public/favicon.ico
 create mode 100755 public/index.html
 create mode 100755 public/manifest.json
 create mode 100755 src/App.css
 create mode 100755 src/App.js
 create mode 100755 src/App.test.js
 create mode 100644 src/PlayGroundPage.js
 create mode 100644 src/SignUp.js
 create mode 100644 src/SignUpActivator.js
 create mode 100644 src/actions/index.js
 create mode 100755 src/index.css
 create mode 100755 src/index.js
 create mode 100755 src/logo.svg
 create mode 100644 src/reducers/index.js
 create mode 100755 src/serviceWorker.js
 create mode 100644 yarn.lock
synerzip@ULTP-788:~/signup/sign-up$ npm install mern-boilerplate -g
npm WARN checkPermissions Missing write access to /usr/lib/node_modules
npm ERR! path /usr/lib/node_modules
npm ERR! code EACCES
npm ERR! errno -13
npm ERR! syscall access
npm ERR! Error: EACCES: permission denied, access '/usr/lib/node_modules'
npm ERR!  { [Error: EACCES: permission denied, access '/usr/lib/node_modules']
npm ERR!   stack:
npm ERR!    'Error: EACCES: permission denied, access \'/usr/lib/node_modules\'',
npm ERR!   errno: -13,
npm ERR!   code: 'EACCES',
npm ERR!   syscall: 'access',
npm ERR!   path: '/usr/lib/node_modules' }
npm ERR! 
npm ERR! The operation was rejected by your operating system.
npm ERR! It is likely you do not have the permissions to access this file as the current user
npm ERR! 
npm ERR! If you believe this might be a permissions issue, please double-check the
npm ERR! permissions of the file and its containing directories, or try running
npm ERR! the command again as root/Administrator (though this is not recommended).

npm ERR! A complete log of this run can be found in:
npm ERR!     /home/synerzip/.npm/_logs/2019-01-14T05_50_24_046Z-debug.log
synerzip@ULTP-788:~/signup/sign-up$ sudo npm install mern-boilerplate -g
[sudo] password for synerzip: 
/usr/bin/mern-boilerplate -> /usr/lib/node_modules/mern-boilerplate/index.js
+ mern-boilerplate@1.0.4
added 49 packages from 32 contributors in 2.471s
synerzip@ULTP-788:~/signup/sign-up$ mern-boilerplate create k-boilerplate

Getting files from git...

Performing some further procedures...

Your app is created !! 
synerzip@ULTP-788:~/signup/sign-up$ npm install

> jss@9.8.7 postinstall /home/synerzip/signup/sign-up/node_modules/jss
> node -e "console.log('\u001b[35m\u001b[1mLove JSS? You can now support us on open collective:\u001b[22m\u001b[39m\n > \u001b[34mhttps://opencollective.com/jss/donate\u001b[0m')"

Love JSS? You can now support us on open collective:
 > https://opencollective.com/jss/donate
npm WARN optional SKIPPING OPTIONAL DEPENDENCY: fsevents@1.2.4 (node_modules/fsevents):
npm WARN notsup SKIPPING OPTIONAL DEPENDENCY: Unsupported platform for fsevents@1.2.4: wanted {"os":"darwin","arch":"any"} (current: {"os":"linux","arch":"x64"})

added 1992 packages from 798 contributors and audited 35947 packages in 34.282s
found 0 vulnerabilities

synerzip@ULTP-788:~/signup/sign-up$ cd k-boilerplate/
synerzip@ULTP-788:~/signup/sign-up/k-boilerplate$ npm install
npm notice created a lockfile as package-lock.json. You should commit this file.
npm WARN k-boilerplate@1.0.0 No repository field.

added 84 packages from 53 contributors and audited 194 packages in 7.715s
found 0 vulnerabilities

synerzip@ULTP-788:~/signup/sign-up/k-boilerplate$ sudo service mongod start
synerzip@ULTP-788:~/signup/sign-up/k-boilerplate$ npm start

> k-boilerplate@1.0.0 start /home/synerzip/signup/sign-up/k-boilerplate
> node server.js

Running server on 5000
MongoDB is now Connected
^C
synerzip@ULTP-788:~/signup/sign-up/k-boilerplate$ npm run seeder

> k-boilerplate@1.0.0 seeder /home/synerzip/signup/sign-up/k-boilerplate
> node seeder.js

Connecting to Database
Adding Dummy data....
Data has been added !
^C
synerzip@ULTP-788:~/signup/sign-up/k-boilerplate$ cd client
synerzip@ULTP-788:~/signup/sign-up/k-boilerplate/client$ npm install
npm WARN deprecated babel-preset-es2015@6.24.1: ðŸ™Œ  Thanks for using Babel: we recommend using babel-preset-env now: please read babeljs.io/env to update! 
npm WARN deprecated circular-json@0.3.3: CircularJSON is in maintenance only, flatted is its successor.

> webpack-cli@3.2.1 postinstall /home/synerzip/signup/sign-up/k-boilerplate/client/node_modules/webpack-cli
> lightercollective


     *** Thank you for using webpack-cli! ***

Please consider donating to our open collective
     to help us maintain this package.

  https://opencollective.com/webpack/donate

                    ***

npm notice created a lockfile as package-lock.json. You should commit this file.
npm WARN extract-text-webpack-plugin@3.0.2 requires a peer of webpack@^3.1.0 but none is installed. You must install peer dependencies yourself.
npm WARN k-boilerplate-front-end@1.0.0 No repository field.
npm WARN optional SKIPPING OPTIONAL DEPENDENCY: fsevents@1.2.4 (node_modules/fsevents):
npm WARN notsup SKIPPING OPTIONAL DEPENDENCY: Unsupported platform for fsevents@1.2.4: wanted {"os":"darwin","arch":"any"} (current: {"os":"linux","arch":"x64"})

added 873 packages from 480 contributors and audited 10969 packages in 45.023s
found 0 vulnerabilities

synerzip@ULTP-788:~/signup/sign-up/k-boilerplate/client$ npm run dev

> k-boilerplate-front-end@1.0.0 dev /home/synerzip/signup/sign-up/k-boilerplate/client
> node scripts/dev.js

App is running on 3000
âš  ï½¢wdmï½£: Hash: 1f9e62751ed1b05cc3e3
Version: webpack 4.28.4
Time: 2001ms
Built at: 01/14/2019 11:28:36 AM
              Asset       Size  Chunks             Chunk Names
         index.html  367 bytes          [emitted]  
static/js/bundle.js    882 KiB    main  [emitted]  main
Entrypoint main = static/js/bundle.js
[./node_modules/css-loader/index.js!./src/App.css] ./node_modules/css-loader!./src/App.css 541 bytes {main} [built]
[./node_modules/css-loader/lib/css-base.js] 2.21 KiB {main} [built]
[./node_modules/object-assign/index.js] 2.06 KiB {main} [built]
[./node_modules/prop-types/checkPropTypes.js] 3.45 KiB {main} [built]
[./node_modules/react-dom/cjs/react-dom.development.js] 722 KiB {main} [built]
[./node_modules/react-dom/index.js] 1.33 KiB {main} [built]
[./node_modules/react/cjs/react.development.js] 61.3 KiB {main} [built]
[./node_modules/react/index.js] 190 bytes {main} [built]
[./node_modules/scheduler/index.js] 198 bytes {main} [built]
[./node_modules/scheduler/tracing.js] 214 bytes {main} [built]
[./node_modules/style-loader/lib/addStyles.js] 9.77 KiB {main} [built]
[./node_modules/style-loader/lib/urls.js] 2.94 KiB {main} [built]
[./src/App.css] 1.04 KiB {main} [built]
[./src/App.js] 4.58 KiB {main} [built] [1 warning]
[./src/index.js] 490 bytes {main} [built]
    + 4 hidden modules

WARNING in ./src/App.js
Module Warning (from ./node_modules/eslint-loader/index.js):

  Line 26:  img elements must have an alt prop, either with meaningful text, or an empty string for decorative images  jsx-a11y/alt-text


 @ ./src/index.js 11:11-27
Child html-webpack-plugin for "index.html":
         Asset     Size  Chunks  Chunk Names
    index.html  551 KiB       0  
    Entrypoint undefined = index.html
    [./node_modules/html-webpack-plugin/lib/loader.js!./public/index.html] 485 bytes {0} [built]
    [./node_modules/lodash/lodash.js] 527 KiB {0} [built]
    [./node_modules/webpack/buildin/global.js] (webpack)/buildin/global.js 472 bytes {0} [built]
    [./node_modules/webpack/buildin/module.js] (webpack)/buildin/module.js 497 bytes {0} [built]
â„¹ ï½¢wdmï½£: Compiled with warnings.
^C
synerzip@ULTP-788:~/signup/sign-up/k-boilerplate/client$ cd ..
synerzip@ULTP-788:~/signup/sign-up/k-boilerplate$ npm start

> k-boilerplate@1.0.0 start /home/synerzip/signup/sign-up/k-boilerplate
> node server.js

Running server on 5000
MongoDB is now Connected
^C
synerzip@ULTP-788:~/signup/sign-up/k-boilerplate$ npm run prod
npm ERR! missing script: prod

npm ERR! A complete log of this run can be found in:
npm ERR!     /home/synerzip/.npm/_logs/2019-01-14T06_10_44_501Z-debug.log
synerzip@ULTP-788:~/signup/sign-up/k-boilerplate$ sudo npm run prod
[sudo] password for synerzip: 
npm ERR! missing script: prod

npm ERR! A complete log of this run can be found in:
npm ERR!     /home/synerzip/.npm/_logs/2019-01-14T06_10_55_991Z-debug.log
synerzip@ULTP-788:~/signup/sign-up/k-boilerplate$ npm start

> k-boilerplate@1.0.0 start /home/synerzip/signup/sign-up/k-boilerplate
> node server.js

Running server on 5000
MongoDB is now Connected


